{"synthetic": false,
 "schemaVersion": "2025-09-10",
 "outputs":
 {"o": ["a7d452331f35f1cb.olean"],
  "m": false,
  "i": "d689050182017f27.ilean",
  "c": "de5a3f8f271a1004.c"},
 "log":
 [{"message":
   ".> LEAN_PATH=/home/greghem/leslie2/.lake/packages/Cli/.lake/build/lib/lean:/home/greghem/leslie2/.lake/packages/batteries/.lake/build/lib/lean:/home/greghem/leslie2/.lake/packages/Qq/.lake/build/lib/lean:/home/greghem/leslie2/.lake/packages/aesop/.lake/build/lib/lean:/home/greghem/leslie2/.lake/packages/proofwidgets/.lake/build/lib/lean:/home/greghem/leslie2/.lake/packages/importGraph/.lake/build/lib/lean:/home/greghem/leslie2/.lake/packages/LeanSearchClient/.lake/build/lib/lean:/home/greghem/leslie2/.lake/packages/plausible/.lake/build/lib/lean:/home/greghem/leslie2/.lake/packages/mathlib/.lake/build/lib/lean:/home/greghem/leslie2/.lake/build/lib/lean /home/greghem/.elan/toolchains/leanprover--lean4---v4.31.0-rc1/bin/lean /home/greghem/leslie2/MyMathlibProject/Basic.lean -o /home/greghem/leslie2/.lake/build/lib/lean/MyMathlibProject/Basic.olean -i /home/greghem/leslie2/.lake/build/lib/lean/MyMathlibProject/Basic.ilean -c /home/greghem/leslie2/.lake/build/ir/MyMathlibProject/Basic.c --setup /home/greghem/leslie2/.lake/build/ir/MyMathlibProject/Basic.setup.json --json",
   "level": "trace"}],
 "inputs":
 [["MyMathlibProject.Basic:deps",
   [["deps",
     [["MyMathlibProject/MyMathlibProject:extraDep",
       [["@MyMathlibProject:extraDep", "00000000000006bb"]]],
      ["imports", "00000000000006bb"]]],
    ["libs",
     [["import dynlibs", "00000000000006bb"],
      ["package external libraries", "00000000000006bb"],
      ["module dynlibs", "00000000000006bb"],
      ["module plugins", "00000000000006bb"]]]]],
  ["Lean 4.31.0, commit fd009949156901e6cf15b6d9bf1122294b8e697a",
   "148386281e429e9a"],
  ["/home/greghem/leslie2/MyMathlibProject/Basic.lean", "fb8d37be36883ee0"],
  ["options",
   [["-DmaxSynthPendingDepth=3", "c78e353d34de85d4"],
    ["-Dweak.linter.mathlibStandardSet=true", "8a155799906f2b42"],
    ["-DrelaxedAutoImplicit=false", "74a2b5546b55be80"],
    ["-Dpp.unicode.fun=true", "9b94070140457fab"]]],
  ["isModule: false", "feefd2a0d3a1847e"],
  ["Module.name: MyMathlibProject.Basic", "d881f018297674f3"],
  ["Package.id?: (some MyMathlibProject)", "c65e64c25e0c00c7"],
  ["Module.leanArgs: #[]", "00000000000006bb"]],
 "depHash": "a869635f7d11695e"}